{"description":"The Dashboard","name":"Dashboard","pages":[{"description":"Overview","name":"Overview","widgets":[{"configuration":{},"layout":{"column":1,"height":3,"row":1,"width":6},"linkedEntityGuids":null,"rawConfiguration":{"nrqlQueries":[{"accountIds":[456,789],"query":"SELECT foo FROM Metric TIMESERIES"},{"accountIds":[456,789],"query":"SELECT bar FROM Metric TIMESERIES"}]},"title":"title","visualization":{"id":"viz.table"}},{"configuration":{},"layout":{"column":7,"height":3,"row":1,"width":6},"linkedEntityGuids":null,"rawConfiguration":{"nrqlQueries":[{"accountIds":[456,789],"query":"SELECT foo FROM Metric TIMESERIES"},{"accountIds":[456,789],"query":"SELECT bar FROM Metric TIMESERIES"}]},"title":"Other Title","visualization":{"id":"viz.table"}}]}],"permissions":"PUBLIC_READ_WRITE","variables":[{"defaultValues":[{"value":{"string":"*"}}],"isMultiSelection":true,"nrqlQuery":{"accountIds":[456,789],"query":"SELECT uniques(`deployment.environment`) FROM Metric"},"name":"env","replacementStrategy":"DEFAULT","type":"NRQL"},{"defaultValues":[{"value":{"string":"*"}}],"isMultiSelection":true,"nrqlQuery":{"accountIds":[456,789],"query":"SELECT uniques(`sync_env`) FROM Metric"},"name":"sync_env","replacementStrategy":"DEFAULT","type":"NRQL"}]}